// Vitest Snapshot v1, https://vitest.dev/guide/snapshot.html

exports[`Typography.vue > matches the component snapshot 1`] = `"<h2 class="typography h2 dark">Snapshot Typography</h2>"`;
