// Vitest Snapshot v1, https://vitest.dev/guide/snapshot.html

exports[`Card.vue > matches the component snapshot 1`] = `
"<div data-v-69f42c1a="" data-v-9bb7b3b9="" class="stack__container card__container" style="flex-direction: column; gap: 16px;">
  <div data-v-69f42c1a="" data-v-9bb7b3b9="" class="stack__container" style="flex-direction: column; gap: 4px;">
    <p data-v-9bb7b3b9="" class="typography _caption_d0cbd2 _text_d0cbd2">Snapshot Title</p>
    <p data-v-9bb7b3b9="" class="typography _semibold_d0cbd2 _text_d0cbd2">Snapshot Subtitle</p>
  </div>
  <div>Snapshot Slot</div>
</div>"
`;
