// Vitest Snapshot v1, https://vitest.dev/guide/snapshot.html

exports[`ShipToSection.vue > matches the component snapshot 1`] = `
"<section data-v-73c9217f="">
  <div data-v-69f42c1a="" data-v-9bb7b3b9="" data-v-73c9217f="" class="stack__container card__container" style="flex-direction: column; gap: 16px;">
    <div data-v-69f42c1a="" data-v-9bb7b3b9="" class="stack__container" style="flex-direction: column; gap: 4px;">
      <p data-v-9bb7b3b9="" class="typography _caption_d0cbd2 _text_d0cbd2">Ship to</p>
      <div data-v-69f42c1a="" data-v-73c9217f="" class="stack__container subtitle__container" style="flex-direction: row; gap: 8px;">
        <p data-v-73c9217f="" class="typography _semibold_d0cbd2 _dark_d0cbd2">Jane Doe</p>
        <div data-v-df2d503b="" data-v-73c9217f="" class="badge__container">
          <p data-v-df2d503b="" class="typography _caption_d0cbd2 _primary_d0cbd2">#001</p>
        </div>
      </div>
    </div>
    <div data-v-69f42c1a="" data-v-73c9217f="" class="stack__container" style="flex-direction: column; gap: 0px;">
      <div data-v-69f42c1a="" data-v-73c9217f="" class="stack__container" style="flex-direction: row; gap: 0px;">
        <div data-v-69f42c1a="" data-v-73c9217f="" class="stack__container content__column" style="flex-direction: column; gap: 4px;">
          <div data-v-70c01fa4="" data-v-73c9217f="" class="icon-text__container">
            <unicon data-v-70c01fa4="" name="map-marker"></unicon>
            <p data-v-70c01fa4="" class="typography _caption_d0cbd2 _text_d0cbd2">789 Shipping St</p>
          </div>
          <div data-v-70c01fa4="" data-v-73c9217f="" class="icon-text__container">
            <unicon data-v-70c01fa4="" name="user"></unicon>
            <p data-v-70c01fa4="" class="typography _caption_d0cbd2 _text_d0cbd2">John Smith</p>
          </div>
        </div>
        <div data-v-69f42c1a="" data-v-73c9217f="" class="stack__container" style="flex-direction: column; gap: 4px;">
          <div data-v-70c01fa4="" data-v-73c9217f="" class="icon-text__container">
            <unicon data-v-70c01fa4="" name="envelope"></unicon>
            <p data-v-70c01fa4="" class="typography _caption_d0cbd2 _text_d0cbd2">john@example.com</p>
          </div>
          <div data-v-70c01fa4="" data-v-73c9217f="" class="icon-text__container">
            <unicon data-v-70c01fa4="" name="phone"></unicon>
            <p data-v-70c01fa4="" class="typography _caption_d0cbd2 _text_d0cbd2">123456789</p>
          </div>
          <div data-v-70c01fa4="" data-v-73c9217f="" class="icon-text__container">
            <unicon data-v-70c01fa4="" name="print"></unicon>
            <p data-v-70c01fa4="" class="typography _caption_d0cbd2 _text_d0cbd2">987654321</p>
          </div>
        </div>
      </div>
    </div>
  </div>
</section>"
`;
