// Vitest Snapshot v1, https://vitest.dev/guide/snapshot.html

exports[`ChargeToSection.vue > matches the component snapshot 1`] = `
"<section data-v-026a4ebc="">
  <div data-v-69f42c1a="" data-v-9bb7b3b9="" data-v-026a4ebc="" class="stack__container card__container" style="flex-direction: column; gap: 16px;">
    <div data-v-69f42c1a="" data-v-9bb7b3b9="" class="stack__container" style="flex-direction: column; gap: 4px;">
      <p data-v-9bb7b3b9="" class="typography _caption_d0cbd2 _text_d0cbd2">Charge to</p>
      <p data-v-9bb7b3b9="" class="typography _semibold_d0cbd2 _text_d0cbd2">Company Ltd</p>
    </div>
    <div data-v-69f42c1a="" data-v-026a4ebc="" class="stack__container" style="flex-direction: column; gap: 0px;">
      <div data-v-69f42c1a="" data-v-026a4ebc="" class="stack__container" style="flex-direction: row; gap: 0px;">
        <div data-v-69f42c1a="" data-v-026a4ebc="" class="stack__container content__column" style="flex-direction: column; gap: 4px;">
          <div data-v-70c01fa4="" data-v-026a4ebc="" class="icon-text__container">
            <unicon data-v-70c01fa4="" name="file-landscape-alt"></unicon>
            <p data-v-70c01fa4="" class="typography _caption_d0cbd2 _text_d0cbd2">CNPJ: 12.345.678/0001-90</p>
          </div>
          <div data-v-70c01fa4="" data-v-026a4ebc="" class="icon-text__container">
            <unicon data-v-70c01fa4="" name="map-marker"></unicon>
            <p data-v-70c01fa4="" class="typography _caption_d0cbd2 _text_d0cbd2">456 Business Rd</p>
          </div>
          <div data-v-70c01fa4="" data-v-026a4ebc="" class="icon-text__container">
            <unicon data-v-70c01fa4="" name="user"></unicon>
            <p data-v-70c01fa4="" class="typography _caption_d0cbd2 _text_d0cbd2">Alice Smith</p>
          </div>
        </div>
        <div data-v-69f42c1a="" data-v-026a4ebc="" class="stack__container" style="flex-direction: column; gap: 4px;">
          <div data-v-70c01fa4="" data-v-026a4ebc="" class="icon-text__container">
            <unicon data-v-70c01fa4="" name="envelope"></unicon>
            <p data-v-70c01fa4="" class="typography _caption_d0cbd2 _text_d0cbd2">alice@example.com</p>
          </div>
          <div data-v-70c01fa4="" data-v-026a4ebc="" class="icon-text__container">
            <unicon data-v-70c01fa4="" name="phone"></unicon>
            <p data-v-70c01fa4="" class="typography _caption_d0cbd2 _text_d0cbd2">123456789</p>
          </div>
          <div data-v-70c01fa4="" data-v-026a4ebc="" class="icon-text__container">
            <unicon data-v-70c01fa4="" name="print"></unicon>
            <p data-v-70c01fa4="" class="typography _caption_d0cbd2 _text_d0cbd2">987654321</p>
          </div>
        </div>
      </div>
    </div>
  </div>
</section>"
`;
